2026-09-12 05:48:25.724: [INFO] CurrentProfilePath: D:\JavaCodes\Exception_Handling\.metadata\.plugins\org.eclipse.swt\EBWebView\Default
2026-09-12 05:48:25.724: [INFO] Profiles total count: 1
2026-09-12 05:48:25.724: [INFO] Profile: name=Profile 1 path=D:\JavaCodes\Exception_Handling\.metadata\.plugins\org.eclipse.swt\EBWebView\Default lastActive=null
2026-09-12 05:48:25.724: [INFO] LastUsedProfileDir: D:\JavaCodes\Exception_Handling\.metadata\.plugins\org.eclipse.swt\EBWebView\Default
2026-09-12 05:48:25.724: [INFO] OnDoneLoading sync enabled: 0
2026-09-12 05:48:25.724: [INFO] BookmarkModelLoaded, ids_reassigned: 0
2026-09-12 05:48:25.724: [INFO] BookmarksLoadDropped droppedNodes=0
2026-09-12 05:48:25.724: [INFO] BookmarksSnapshot Startup total=0 bar=0 other=0 mobile=0 showBar=0 showBarNTP=1
2026-09-12 05:49:56.492: [INFO] BookmarksSnapshot Shutdown total=0 bar=0 other=0 mobile=0 showBar=0 showBarNTP=1
2026-09-12 05:58:30.958: [INFO] CurrentProfilePath: D:\JavaCodes\Exception_Handling\.metadata\.plugins\org.eclipse.swt\EBWebView\Default
2026-09-12 05:58:30.958: [INFO] Profiles total count: 1
2026-09-12 05:58:30.958: [INFO] Profile: name=Profile 1 path=D:\JavaCodes\Exception_Handling\.metadata\.plugins\org.eclipse.swt\EBWebView\Default lastActive=2026-09-12T05:49:56.236Z
2026-09-12 05:58:30.958: [INFO] LastUsedProfileDir: D:\JavaCodes\Exception_Handling\.metadata\.plugins\org.eclipse.swt\EBWebView\Default
2026-09-12 05:58:30.958: [INFO] MostRecentlyActiveProfile: name=Profile 1 path=D:\JavaCodes\Exception_Handling\.metadata\.plugins\org.eclipse.swt\EBWebView\Default lastActive=2026-09-12T05:49:56.236Z
2026-09-12 05:58:30.958: [INFO] OnDoneLoading sync enabled: 0
2026-09-12 05:58:30.958: [INFO] BookmarkModelLoaded, ids_reassigned: 0
2026-09-12 05:58:30.958: [INFO] BookmarksLoadDropped droppedNodes=0
2026-09-12 05:58:30.958: [INFO] BookmarksSnapshot Startup total=0 bar=0 other=0 mobile=0 showBar=0 showBarNTP=1
2026-09-12 06:11:16.072: [INFO] BookmarksSnapshot Shutdown total=0 bar=0 other=0 mobile=0 showBar=0 showBarNTP=1
2026-09-12 06:15:57.283: [INFO] CurrentProfilePath: D:\JavaCodes\Exception_Handling\.metadata\.plugins\org.eclipse.swt\EBWebView\Default
2026-09-12 06:15:57.283: [INFO] Profiles total count: 1
2026-09-12 06:15:57.283: [INFO] Profile: name=Profile 1 path=D:\JavaCodes\Exception_Handling\.metadata\.plugins\org.eclipse.swt\EBWebView\Default lastActive=2026-09-12T05:49:56.236Z
2026-09-12 06:15:57.283: [INFO] LastUsedProfileDir: D:\JavaCodes\Exception_Handling\.metadata\.plugins\org.eclipse.swt\EBWebView\Default
2026-09-12 06:15:57.283: [INFO] MostRecentlyActiveProfile: name=Profile 1 path=D:\JavaCodes\Exception_Handling\.metadata\.plugins\org.eclipse.swt\EBWebView\Default lastActive=2026-09-12T05:49:56.236Z
2026-09-12 06:15:57.283: [INFO] OnDoneLoading sync enabled: 0
2026-09-12 06:15:57.283: [INFO] BookmarkModelLoaded, ids_reassigned: 0
2026-09-12 06:15:57.283: [INFO] BookmarksLoadDropped droppedNodes=0
2026-09-12 06:15:57.283: [INFO] BookmarksSnapshot Startup total=0 bar=0 other=0 mobile=0 showBar=0 showBarNTP=1
2026-09-15 06:21:05.304: [INFO] CurrentProfilePath: D:\JavaCodes\Exception_Handling\.metadata\.plugins\org.eclipse.swt\EBWebView\Default
2026-09-15 06:21:05.304: [INFO] Profiles total count: 1
2026-09-15 06:21:05.304: [INFO] Profile: name=Profile 1 path=D:\JavaCodes\Exception_Handling\.metadata\.plugins\org.eclipse.swt\EBWebView\Default lastActive=2026-09-12T05:49:56.236Z
2026-09-15 06:21:05.304: [INFO] LastUsedProfileDir: D:\JavaCodes\Exception_Handling\.metadata\.plugins\org.eclipse.swt\EBWebView\Default
2026-09-15 06:21:05.304: [INFO] MostRecentlyActiveProfile: name=Profile 1 path=D:\JavaCodes\Exception_Handling\.metadata\.plugins\org.eclipse.swt\EBWebView\Default lastActive=2026-09-12T05:49:56.236Z
2026-09-15 06:21:05.304: [INFO] OnDoneLoading sync enabled: 0
2026-09-15 06:21:05.304: [INFO] BookmarkModelLoaded, ids_reassigned: 0
2026-09-15 06:21:05.304: [INFO] BookmarksLoadDropped droppedNodes=0
2026-09-15 06:21:05.304: [INFO] BookmarksSnapshot Startup total=0 bar=0 other=0 mobile=0 showBar=0 showBarNTP=1
2026-09-15 07:00:25.464: [INFO] BookmarksSnapshot Shutdown total=0 bar=0 other=0 mobile=0 showBar=0 showBarNTP=1
2026-09-26 07:22:41.492: [INFO] CurrentProfilePath: D:\JavaCodes\Exception_Handling\.metadata\.plugins\org.eclipse.swt\EBWebView\Default
2026-09-26 07:22:41.492: [INFO] Profiles total count: 1
2026-09-26 07:22:41.492: [INFO] Profile: name=Profile 1 path=D:\JavaCodes\Exception_Handling\.metadata\.plugins\org.eclipse.swt\EBWebView\Default lastActive=2026-09-15T06:27:49.042Z
2026-09-26 07:22:41.492: [INFO] LastUsedProfileDir: D:\JavaCodes\Exception_Handling\.metadata\.plugins\org.eclipse.swt\EBWebView\Default
2026-09-26 07:22:41.492: [INFO] MostRecentlyActiveProfile: name=Profile 1 path=D:\JavaCodes\Exception_Handling\.metadata\.plugins\org.eclipse.swt\EBWebView\Default lastActive=2026-09-15T06:27:49.042Z
2026-09-26 07:22:41.492: [INFO] OnDoneLoading sync enabled: 0
2026-09-26 07:22:41.492: [INFO] BookmarkModelLoaded, ids_reassigned: 0
2026-09-26 07:22:41.492: [INFO] BookmarksLoadDropped droppedNodes=0
2026-09-26 07:22:41.492: [INFO] BookmarksSnapshot Startup total=0 bar=0 other=0 mobile=0 showBar=0 showBarNTP=1
