2026-09-09 11:21:05.573: [INFO] CurrentProfilePath: D:\JavaCodes\.metadata\.plugins\org.eclipse.swt\EBWebView\Default
2026-09-09 11:21:05.573: [INFO] Profiles total count: 1
2026-09-09 11:21:05.573: [INFO] Profile: name=Profile 1 path=D:\JavaCodes\.metadata\.plugins\org.eclipse.swt\EBWebView\Default lastActive=null
2026-09-09 11:21:05.573: [INFO] LastUsedProfileDir: D:\JavaCodes\.metadata\.plugins\org.eclipse.swt\EBWebView\Default
2026-09-09 11:21:05.573: [INFO] OnDoneLoading sync enabled: 0
2026-09-09 11:21:05.573: [INFO] BookmarkModelLoaded, ids_reassigned: 0
2026-09-09 11:21:05.573: [INFO] BookmarksLoadDropped droppedNodes=0
2026-09-09 11:21:05.573: [INFO] BookmarksSnapshot Startup total=0 bar=0 other=0 mobile=0 showBar=0 showBarNTP=1
2026-09-09 11:21:35.401: [INFO] BookmarksSnapshot Shutdown total=0 bar=0 other=0 mobile=0 showBar=0 showBarNTP=1
2026-09-09 11:34:36.060: [INFO] CurrentProfilePath: D:\JavaCodes\.metadata\.plugins\org.eclipse.swt\EBWebView\Default
2026-09-09 11:34:36.060: [INFO] Profiles total count: 1
2026-09-09 11:34:36.060: [INFO] Profile: name=Profile 1 path=D:\JavaCodes\.metadata\.plugins\org.eclipse.swt\EBWebView\Default lastActive=2026-09-09T11:21:06.432Z
2026-09-09 11:34:36.060: [INFO] LastUsedProfileDir: D:\JavaCodes\.metadata\.plugins\org.eclipse.swt\EBWebView\Default
2026-09-09 11:34:36.060: [INFO] MostRecentlyActiveProfile: name=Profile 1 path=D:\JavaCodes\.metadata\.plugins\org.eclipse.swt\EBWebView\Default lastActive=2026-09-09T11:21:06.432Z
2026-09-09 11:34:36.060: [INFO] OnDoneLoading sync enabled: 0
2026-09-09 11:34:36.060: [INFO] BookmarkModelLoaded, ids_reassigned: 0
2026-09-09 11:34:36.060: [INFO] BookmarksLoadDropped droppedNodes=0
2026-09-09 11:34:36.060: [INFO] BookmarksSnapshot Startup total=0 bar=0 other=0 mobile=0 showBar=0 showBarNTP=1
2026-09-09 12:05:03.746: [INFO] BookmarksSnapshot Shutdown total=0 bar=0 other=0 mobile=0 showBar=0 showBarNTP=1
2026-09-09 12:10:22.278: [INFO] CurrentProfilePath: D:\JavaCodes\.metadata\.plugins\org.eclipse.swt\EBWebView\Default
2026-09-09 12:10:22.278: [INFO] Profiles total count: 1
2026-09-09 12:10:22.278: [INFO] Profile: name=Profile 1 path=D:\JavaCodes\.metadata\.plugins\org.eclipse.swt\EBWebView\Default lastActive=2026-09-09T11:21:06.432Z
2026-09-09 12:10:22.278: [INFO] LastUsedProfileDir: D:\JavaCodes\.metadata\.plugins\org.eclipse.swt\EBWebView\Default
2026-09-09 12:10:22.278: [INFO] MostRecentlyActiveProfile: name=Profile 1 path=D:\JavaCodes\.metadata\.plugins\org.eclipse.swt\EBWebView\Default lastActive=2026-09-09T11:21:06.432Z
2026-09-09 12:10:22.278: [INFO] OnDoneLoading sync enabled: 0
2026-09-09 12:10:22.278: [INFO] BookmarkModelLoaded, ids_reassigned: 0
2026-09-09 12:10:22.278: [INFO] BookmarksLoadDropped droppedNodes=0
2026-09-09 12:10:22.278: [INFO] BookmarksSnapshot Startup total=0 bar=0 other=0 mobile=0 showBar=0 showBarNTP=1
2026-09-09 12:11:48.531: [INFO] BookmarksSnapshot Shutdown total=0 bar=0 other=0 mobile=0 showBar=0 showBarNTP=1
2026-09-09 12:11:48.594: [INFO] CurrentProfilePath: D:\JavaCodes\.metadata\.plugins\org.eclipse.swt\EBWebView\Default
2026-09-09 12:11:48.594: [INFO] Profiles total count: 1
2026-09-09 12:11:48.594: [INFO] Profile: name=Profile 1 path=D:\JavaCodes\.metadata\.plugins\org.eclipse.swt\EBWebView\Default lastActive=2026-09-09T11:21:06.432Z
2026-09-09 12:11:48.594: [INFO] LastUsedProfileDir: D:\JavaCodes\.metadata\.plugins\org.eclipse.swt\EBWebView\Default
2026-09-09 12:11:48.594: [INFO] MostRecentlyActiveProfile: name=Profile 1 path=D:\JavaCodes\.metadata\.plugins\org.eclipse.swt\EBWebView\Default lastActive=2026-09-09T11:21:06.432Z
2026-09-09 12:11:48.594: [INFO] OnDoneLoading sync enabled: 0
2026-09-09 12:11:48.594: [INFO] BookmarkModelLoaded, ids_reassigned: 0
2026-09-09 12:11:48.594: [INFO] BookmarksLoadDropped droppedNodes=0
2026-09-09 12:11:48.594: [INFO] BookmarksSnapshot Startup total=0 bar=0 other=0 mobile=0 showBar=0 showBarNTP=1
2026-09-10 05:56:45.048: [INFO] CurrentProfilePath: D:\JavaCodes\.metadata\.plugins\org.eclipse.swt\EBWebView\Default
2026-09-10 05:56:45.048: [INFO] Profiles total count: 1
2026-09-10 05:56:45.048: [INFO] Profile: name=Profile 1 path=D:\JavaCodes\.metadata\.plugins\org.eclipse.swt\EBWebView\Default lastActive=2026-09-09T11:21:06.432Z
2026-09-10 05:56:45.048: [INFO] LastUsedProfileDir: D:\JavaCodes\.metadata\.plugins\org.eclipse.swt\EBWebView\Default
2026-09-10 05:56:45.048: [INFO] MostRecentlyActiveProfile: name=Profile 1 path=D:\JavaCodes\.metadata\.plugins\org.eclipse.swt\EBWebView\Default lastActive=2026-09-09T11:21:06.432Z
2026-09-10 05:56:45.048: [INFO] OnDoneLoading sync enabled: 0
2026-09-10 05:56:45.048: [INFO] BookmarkModelLoaded, ids_reassigned: 0
2026-09-10 05:56:45.048: [INFO] BookmarksLoadDropped droppedNodes=0
2026-09-10 05:56:45.049: [INFO] BookmarksSnapshot Startup total=0 bar=0 other=0 mobile=0 showBar=0 showBarNTP=1
2026-09-10 05:56:57.327: [INFO] BookmarksSnapshot Shutdown total=0 bar=0 other=0 mobile=0 showBar=0 showBarNTP=1
2026-09-10 06:04:11.652: [INFO] CurrentProfilePath: D:\JavaCodes\.metadata\.plugins\org.eclipse.swt\EBWebView\Default
2026-09-10 06:04:11.652: [INFO] Profiles total count: 1
2026-09-10 06:04:11.652: [INFO] Profile: name=Profile 1 path=D:\JavaCodes\.metadata\.plugins\org.eclipse.swt\EBWebView\Default lastActive=2026-09-09T11:21:06.432Z
2026-09-10 06:04:11.652: [INFO] LastUsedProfileDir: D:\JavaCodes\.metadata\.plugins\org.eclipse.swt\EBWebView\Default
2026-09-10 06:04:11.652: [INFO] MostRecentlyActiveProfile: name=Profile 1 path=D:\JavaCodes\.metadata\.plugins\org.eclipse.swt\EBWebView\Default lastActive=2026-09-09T11:21:06.432Z
2026-09-10 06:04:11.652: [INFO] OnDoneLoading sync enabled: 0
2026-09-10 06:04:11.652: [INFO] BookmarkModelLoaded, ids_reassigned: 0
2026-09-10 06:04:11.652: [INFO] BookmarksLoadDropped droppedNodes=0
2026-09-10 06:04:11.652: [INFO] BookmarksSnapshot Startup total=0 bar=0 other=0 mobile=0 showBar=0 showBarNTP=1
2026-09-10 11:33:21.599: [INFO] BookmarksSnapshot Shutdown total=0 bar=0 other=0 mobile=0 showBar=0 showBarNTP=1
2026-09-10 11:38:39.541: [INFO] CurrentProfilePath: D:\JavaCodes\.metadata\.plugins\org.eclipse.swt\EBWebView\Default
2026-09-10 11:38:39.541: [INFO] Profiles total count: 1
2026-09-10 11:38:39.541: [INFO] Profile: name=Profile 1 path=D:\JavaCodes\.metadata\.plugins\org.eclipse.swt\EBWebView\Default lastActive=2026-09-09T11:21:06.432Z
2026-09-10 11:38:39.541: [INFO] LastUsedProfileDir: D:\JavaCodes\.metadata\.plugins\org.eclipse.swt\EBWebView\Default
2026-09-10 11:38:39.541: [INFO] MostRecentlyActiveProfile: name=Profile 1 path=D:\JavaCodes\.metadata\.plugins\org.eclipse.swt\EBWebView\Default lastActive=2026-09-09T11:21:06.432Z
2026-09-10 11:38:39.541: [INFO] OnDoneLoading sync enabled: 0
2026-09-10 11:38:39.541: [INFO] BookmarkModelLoaded, ids_reassigned: 0
2026-09-10 11:38:39.541: [INFO] BookmarksLoadDropped droppedNodes=0
2026-09-10 11:38:39.541: [INFO] BookmarksSnapshot Startup total=0 bar=0 other=0 mobile=0 showBar=0 showBarNTP=1
2026-09-11 07:06:40.417: [INFO] BookmarksSnapshot Shutdown total=0 bar=0 other=0 mobile=0 showBar=0 showBarNTP=1
2026-09-15 07:06:54.984: [INFO] CurrentProfilePath: D:\JavaCodes\.metadata\.plugins\org.eclipse.swt\EBWebView\Default
2026-09-15 07:06:54.984: [INFO] Profiles total count: 1
2026-09-15 07:06:54.984: [INFO] Profile: name=Profile 1 path=D:\JavaCodes\.metadata\.plugins\org.eclipse.swt\EBWebView\Default lastActive=2026-09-09T11:21:06.432Z
2026-09-15 07:06:54.984: [INFO] LastUsedProfileDir: D:\JavaCodes\.metadata\.plugins\org.eclipse.swt\EBWebView\Default
2026-09-15 07:06:54.984: [INFO] MostRecentlyActiveProfile: name=Profile 1 path=D:\JavaCodes\.metadata\.plugins\org.eclipse.swt\EBWebView\Default lastActive=2026-09-09T11:21:06.432Z
2026-09-15 07:06:54.984: [INFO] OnDoneLoading sync enabled: 0
2026-09-15 07:06:54.984: [INFO] BookmarkModelLoaded, ids_reassigned: 0
2026-09-15 07:06:54.984: [INFO] BookmarksLoadDropped droppedNodes=0
2026-09-15 07:06:54.984: [INFO] BookmarksSnapshot Startup total=0 bar=0 other=0 mobile=0 showBar=0 showBarNTP=1
2026-09-16 05:36:54.947: [INFO] CurrentProfilePath: D:\JavaCodes\.metadata\.plugins\org.eclipse.swt\EBWebView\Default
2026-09-16 05:36:54.947: [INFO] Profiles total count: 1
2026-09-16 05:36:54.947: [INFO] Profile: name=Profile 1 path=D:\JavaCodes\.metadata\.plugins\org.eclipse.swt\EBWebView\Default lastActive=2026-09-09T11:21:06.432Z
2026-09-16 05:36:54.947: [INFO] LastUsedProfileDir: D:\JavaCodes\.metadata\.plugins\org.eclipse.swt\EBWebView\Default
2026-09-16 05:36:54.947: [INFO] MostRecentlyActiveProfile: name=Profile 1 path=D:\JavaCodes\.metadata\.plugins\org.eclipse.swt\EBWebView\Default lastActive=2026-09-09T11:21:06.432Z
2026-09-16 05:36:54.947: [INFO] OnDoneLoading sync enabled: 0
2026-09-16 05:36:54.947: [INFO] BookmarkModelLoaded, ids_reassigned: 0
2026-09-16 05:36:54.947: [INFO] BookmarksLoadDropped droppedNodes=0
2026-09-16 05:36:54.947: [INFO] BookmarksSnapshot Startup total=0 bar=0 other=0 mobile=0 showBar=0 showBarNTP=1
2026-09-16 12:19:20.423: [INFO] BookmarksSnapshot Shutdown total=0 bar=0 other=0 mobile=0 showBar=0 showBarNTP=1
2026-09-16 18:54:33.846: [INFO] CurrentProfilePath: D:\JavaCodes\.metadata\.plugins\org.eclipse.swt\EBWebView\Default
2026-09-16 18:54:33.846: [INFO] Profiles total count: 1
2026-09-16 18:54:33.846: [INFO] Profile: name=Profile 1 path=D:\JavaCodes\.metadata\.plugins\org.eclipse.swt\EBWebView\Default lastActive=2026-09-16T11:37:46.364Z
2026-09-16 18:54:33.846: [INFO] LastUsedProfileDir: D:\JavaCodes\.metadata\.plugins\org.eclipse.swt\EBWebView\Default
2026-09-16 18:54:33.846: [INFO] MostRecentlyActiveProfile: name=Profile 1 path=D:\JavaCodes\.metadata\.plugins\org.eclipse.swt\EBWebView\Default lastActive=2026-09-16T11:37:46.364Z
2026-09-16 18:54:33.846: [INFO] OnDoneLoading sync enabled: 0
2026-09-16 18:54:33.846: [INFO] BookmarkModelLoaded, ids_reassigned: 0
2026-09-16 18:54:33.846: [INFO] BookmarksLoadDropped droppedNodes=0
2026-09-16 18:54:33.846: [INFO] BookmarksSnapshot Startup total=0 bar=0 other=0 mobile=0 showBar=0 showBarNTP=1
2026-09-16 21:03:58.401: [INFO] BookmarksSnapshot Shutdown total=0 bar=0 other=0 mobile=0 showBar=0 showBarNTP=1
2026-09-17 07:31:55.696: [INFO] CurrentProfilePath: D:\JavaCodes\.metadata\.plugins\org.eclipse.swt\EBWebView\Default
2026-09-17 07:31:55.696: [INFO] Profiles total count: 1
2026-09-17 07:31:55.696: [INFO] Profile: name=Profile 1 path=D:\JavaCodes\.metadata\.plugins\org.eclipse.swt\EBWebView\Default lastActive=2026-09-16T20:31:25.474Z
2026-09-17 07:31:55.696: [INFO] LastUsedProfileDir: D:\JavaCodes\.metadata\.plugins\org.eclipse.swt\EBWebView\Default
2026-09-17 07:31:55.696: [INFO] MostRecentlyActiveProfile: name=Profile 1 path=D:\JavaCodes\.metadata\.plugins\org.eclipse.swt\EBWebView\Default lastActive=2026-09-16T20:31:25.474Z
2026-09-17 07:31:55.696: [INFO] OnDoneLoading sync enabled: 0
2026-09-17 07:31:55.696: [INFO] BookmarkModelLoaded, ids_reassigned: 0
2026-09-17 07:31:55.696: [INFO] BookmarksLoadDropped droppedNodes=0
2026-09-17 07:31:55.696: [INFO] BookmarksSnapshot Startup total=0 bar=0 other=0 mobile=0 showBar=0 showBarNTP=1
2026-09-17 07:34:18.130: [INFO] BookmarksSnapshot Shutdown total=0 bar=0 other=0 mobile=0 showBar=0 showBarNTP=1
2026-09-17 07:34:23.372: [INFO] CurrentProfilePath: D:\JavaCodes\.metadata\.plugins\org.eclipse.swt\EBWebView\Default
2026-09-17 07:34:23.372: [INFO] Profiles total count: 1
2026-09-17 07:34:23.372: [INFO] Profile: name=Profile 1 path=D:\JavaCodes\.metadata\.plugins\org.eclipse.swt\EBWebView\Default lastActive=2026-09-16T20:31:25.474Z
2026-09-17 07:34:23.372: [INFO] LastUsedProfileDir: D:\JavaCodes\.metadata\.plugins\org.eclipse.swt\EBWebView\Default
2026-09-17 07:34:23.372: [INFO] MostRecentlyActiveProfile: name=Profile 1 path=D:\JavaCodes\.metadata\.plugins\org.eclipse.swt\EBWebView\Default lastActive=2026-09-16T20:31:25.474Z
2026-09-17 07:34:23.372: [INFO] OnDoneLoading sync enabled: 0
2026-09-17 07:34:23.372: [INFO] BookmarkModelLoaded, ids_reassigned: 0
2026-09-17 07:34:23.372: [INFO] BookmarksLoadDropped droppedNodes=0
2026-09-17 07:34:23.372: [INFO] BookmarksSnapshot Startup total=0 bar=0 other=0 mobile=0 showBar=0 showBarNTP=1
2026-09-17 07:34:34.150: [INFO] BookmarksSnapshot Shutdown total=0 bar=0 other=0 mobile=0 showBar=0 showBarNTP=1
2026-09-17 07:36:10.119: [INFO] CurrentProfilePath: D:\JavaCodes\.metadata\.plugins\org.eclipse.swt\EBWebView\Default
2026-09-17 07:36:10.119: [INFO] Profiles total count: 1
2026-09-17 07:36:10.119: [INFO] Profile: name=Profile 1 path=D:\JavaCodes\.metadata\.plugins\org.eclipse.swt\EBWebView\Default lastActive=2026-09-16T20:31:25.474Z
2026-09-17 07:36:10.119: [INFO] LastUsedProfileDir: D:\JavaCodes\.metadata\.plugins\org.eclipse.swt\EBWebView\Default
2026-09-17 07:36:10.119: [INFO] MostRecentlyActiveProfile: name=Profile 1 path=D:\JavaCodes\.metadata\.plugins\org.eclipse.swt\EBWebView\Default lastActive=2026-09-16T20:31:25.474Z
2026-09-17 07:36:10.119: [INFO] OnDoneLoading sync enabled: 0
2026-09-17 07:36:10.119: [INFO] BookmarkModelLoaded, ids_reassigned: 0
2026-09-17 07:36:10.119: [INFO] BookmarksLoadDropped droppedNodes=0
2026-09-17 07:36:10.119: [INFO] BookmarksSnapshot Startup total=0 bar=0 other=0 mobile=0 showBar=0 showBarNTP=1
2026-09-17 07:40:34.117: [INFO] BookmarksSnapshot Shutdown total=0 bar=0 other=0 mobile=0 showBar=0 showBarNTP=1
2026-09-17 07:47:44.616: [INFO] CurrentProfilePath: D:\JavaCodes\.metadata\.plugins\org.eclipse.swt\EBWebView\Default
2026-09-17 07:47:44.616: [INFO] Profiles total count: 1
2026-09-17 07:47:44.616: [INFO] Profile: name=Profile 1 path=D:\JavaCodes\.metadata\.plugins\org.eclipse.swt\EBWebView\Default lastActive=2026-09-16T20:31:25.474Z
2026-09-17 07:47:44.616: [INFO] LastUsedProfileDir: D:\JavaCodes\.metadata\.plugins\org.eclipse.swt\EBWebView\Default
2026-09-17 07:47:44.616: [INFO] MostRecentlyActiveProfile: name=Profile 1 path=D:\JavaCodes\.metadata\.plugins\org.eclipse.swt\EBWebView\Default lastActive=2026-09-16T20:31:25.474Z
2026-09-17 07:47:44.616: [INFO] OnDoneLoading sync enabled: 0
2026-09-17 07:47:44.616: [INFO] BookmarkModelLoaded, ids_reassigned: 0
2026-09-17 07:47:44.616: [INFO] BookmarksLoadDropped droppedNodes=0
2026-09-17 07:47:44.616: [INFO] BookmarksSnapshot Startup total=0 bar=0 other=0 mobile=0 showBar=0 showBarNTP=1
2026-09-18 05:58:27.328: [INFO] CurrentProfilePath: D:\JavaCodes\.metadata\.plugins\org.eclipse.swt\EBWebView\Default
2026-09-18 05:58:27.328: [INFO] Profiles total count: 1
2026-09-18 05:58:27.328: [INFO] Profile: name=Profile 1 path=D:\JavaCodes\.metadata\.plugins\org.eclipse.swt\EBWebView\Default lastActive=2026-09-16T20:31:25.474Z
2026-09-18 05:58:27.328: [INFO] LastUsedProfileDir: D:\JavaCodes\.metadata\.plugins\org.eclipse.swt\EBWebView\Default
2026-09-18 05:58:27.328: [INFO] MostRecentlyActiveProfile: name=Profile 1 path=D:\JavaCodes\.metadata\.plugins\org.eclipse.swt\EBWebView\Default lastActive=2026-09-16T20:31:25.474Z
2026-09-18 05:58:27.328: [INFO] OnDoneLoading sync enabled: 0
2026-09-18 05:58:27.328: [INFO] BookmarkModelLoaded, ids_reassigned: 0
2026-09-18 05:58:27.328: [INFO] BookmarksLoadDropped droppedNodes=0
2026-09-18 05:58:27.328: [INFO] BookmarksSnapshot Startup total=0 bar=0 other=0 mobile=0 showBar=0 showBarNTP=1
2026-09-18 05:58:28.358: [INFO] BookmarksSnapshot Shutdown total=0 bar=0 other=0 mobile=0 showBar=0 showBarNTP=1
2026-09-18 06:06:06.776: [INFO] CurrentProfilePath: D:\JavaCodes\.metadata\.plugins\org.eclipse.swt\EBWebView\Default
2026-09-18 06:06:06.776: [INFO] Profiles total count: 1
2026-09-18 06:06:06.777: [INFO] Profile: name=Profile 1 path=D:\JavaCodes\.metadata\.plugins\org.eclipse.swt\EBWebView\Default lastActive=2026-09-18T05:58:27.507Z
2026-09-18 06:06:06.777: [INFO] LastUsedProfileDir: D:\JavaCodes\.metadata\.plugins\org.eclipse.swt\EBWebView\Default
2026-09-18 06:06:06.777: [INFO] MostRecentlyActiveProfile: name=Profile 1 path=D:\JavaCodes\.metadata\.plugins\org.eclipse.swt\EBWebView\Default lastActive=2026-09-18T05:58:27.507Z
2026-09-18 06:06:06.777: [INFO] OnDoneLoading sync enabled: 0
2026-09-18 06:06:06.777: [INFO] BookmarkModelLoaded, ids_reassigned: 0
2026-09-18 06:06:06.777: [INFO] BookmarksLoadDropped droppedNodes=0
2026-09-18 06:06:06.777: [INFO] BookmarksSnapshot Startup total=0 bar=0 other=0 mobile=0 showBar=0 showBarNTP=1
2026-09-21 05:48:24.758: [INFO] CurrentProfilePath: D:\JavaCodes\.metadata\.plugins\org.eclipse.swt\EBWebView\Default
2026-09-21 05:48:24.758: [INFO] Profiles total count: 1
2026-09-21 05:48:24.758: [INFO] Profile: name=Profile 1 path=D:\JavaCodes\.metadata\.plugins\org.eclipse.swt\EBWebView\Default lastActive=2026-09-18T05:58:27.507Z
2026-09-21 05:48:24.758: [INFO] LastUsedProfileDir: D:\JavaCodes\.metadata\.plugins\org.eclipse.swt\EBWebView\Default
2026-09-21 05:48:24.758: [INFO] MostRecentlyActiveProfile: name=Profile 1 path=D:\JavaCodes\.metadata\.plugins\org.eclipse.swt\EBWebView\Default lastActive=2026-09-18T05:58:27.507Z
2026-09-21 05:48:24.758: [INFO] OnDoneLoading sync enabled: 0
2026-09-21 05:48:24.758: [INFO] BookmarkModelLoaded, ids_reassigned: 0
2026-09-21 05:48:24.758: [INFO] BookmarksLoadDropped droppedNodes=0
2026-09-21 05:48:24.758: [INFO] BookmarksSnapshot Startup total=0 bar=0 other=0 mobile=0 showBar=0 showBarNTP=1
2026-09-21 05:48:26.655: [INFO] BookmarksSnapshot Shutdown total=0 bar=0 other=0 mobile=0 showBar=0 showBarNTP=1
2026-09-21 05:51:04.448: [INFO] CurrentProfilePath: D:\JavaCodes\.metadata\.plugins\org.eclipse.swt\EBWebView\Default
2026-09-21 05:51:04.448: [INFO] Profiles total count: 1
2026-09-21 05:51:04.448: [INFO] Profile: name=Profile 1 path=D:\JavaCodes\.metadata\.plugins\org.eclipse.swt\EBWebView\Default lastActive=2026-09-18T05:58:27.507Z
2026-09-21 05:51:04.448: [INFO] LastUsedProfileDir: D:\JavaCodes\.metadata\.plugins\org.eclipse.swt\EBWebView\Default
2026-09-21 05:51:04.448: [INFO] MostRecentlyActiveProfile: name=Profile 1 path=D:\JavaCodes\.metadata\.plugins\org.eclipse.swt\EBWebView\Default lastActive=2026-09-18T05:58:27.507Z
2026-09-21 05:51:04.448: [INFO] OnDoneLoading sync enabled: 0
2026-09-21 05:51:04.448: [INFO] BookmarkModelLoaded, ids_reassigned: 0
2026-09-21 05:51:04.448: [INFO] BookmarksLoadDropped droppedNodes=0
2026-09-21 05:51:04.448: [INFO] BookmarksSnapshot Startup total=0 bar=0 other=0 mobile=0 showBar=0 showBarNTP=1
2026-09-21 05:51:08.405: [INFO] BookmarksSnapshot Shutdown total=0 bar=0 other=0 mobile=0 showBar=0 showBarNTP=1
2026-09-21 05:51:22.052: [INFO] CurrentProfilePath: D:\JavaCodes\.metadata\.plugins\org.eclipse.swt\EBWebView\Default
2026-09-21 05:51:22.052: [INFO] Profiles total count: 1
2026-09-21 05:51:22.052: [INFO] Profile: name=Profile 1 path=D:\JavaCodes\.metadata\.plugins\org.eclipse.swt\EBWebView\Default lastActive=2026-09-18T05:58:27.507Z
2026-09-21 05:51:22.052: [INFO] LastUsedProfileDir: D:\JavaCodes\.metadata\.plugins\org.eclipse.swt\EBWebView\Default
2026-09-21 05:51:22.052: [INFO] MostRecentlyActiveProfile: name=Profile 1 path=D:\JavaCodes\.metadata\.plugins\org.eclipse.swt\EBWebView\Default lastActive=2026-09-18T05:58:27.507Z
2026-09-21 05:51:22.052: [INFO] OnDoneLoading sync enabled: 0
2026-09-21 05:51:22.052: [INFO] BookmarkModelLoaded, ids_reassigned: 0
2026-09-21 05:51:22.052: [INFO] BookmarksLoadDropped droppedNodes=0
2026-09-21 05:51:22.052: [INFO] BookmarksSnapshot Startup total=0 bar=0 other=0 mobile=0 showBar=0 showBarNTP=1
2026-09-21 05:51:25.454: [INFO] BookmarksSnapshot Shutdown total=0 bar=0 other=0 mobile=0 showBar=0 showBarNTP=1
2026-09-21 05:58:28.321: [INFO] CurrentProfilePath: D:\JavaCodes\.metadata\.plugins\org.eclipse.swt\EBWebView\Default
2026-09-21 05:58:28.321: [INFO] Profiles total count: 1
2026-09-21 05:58:28.321: [INFO] Profile: name=Profile 1 path=D:\JavaCodes\.metadata\.plugins\org.eclipse.swt\EBWebView\Default lastActive=2026-09-18T05:58:27.507Z
2026-09-21 05:58:28.321: [INFO] LastUsedProfileDir: D:\JavaCodes\.metadata\.plugins\org.eclipse.swt\EBWebView\Default
2026-09-21 05:58:28.321: [INFO] MostRecentlyActiveProfile: name=Profile 1 path=D:\JavaCodes\.metadata\.plugins\org.eclipse.swt\EBWebView\Default lastActive=2026-09-18T05:58:27.507Z
2026-09-21 05:58:28.321: [INFO] OnDoneLoading sync enabled: 0
2026-09-21 05:58:28.321: [INFO] BookmarkModelLoaded, ids_reassigned: 0
2026-09-21 05:58:28.321: [INFO] BookmarksLoadDropped droppedNodes=0
2026-09-21 05:58:28.321: [INFO] BookmarksSnapshot Startup total=0 bar=0 other=0 mobile=0 showBar=0 showBarNTP=1
2026-09-21 05:58:49.094: [INFO] BookmarksSnapshot Shutdown total=0 bar=0 other=0 mobile=0 showBar=0 showBarNTP=1
2026-09-21 05:59:23.230: [INFO] CurrentProfilePath: D:\JavaCodes\.metadata\.plugins\org.eclipse.swt\EBWebView\Default
2026-09-21 05:59:23.230: [INFO] Profiles total count: 1
2026-09-21 05:59:23.230: [INFO] Profile: name=Profile 1 path=D:\JavaCodes\.metadata\.plugins\org.eclipse.swt\EBWebView\Default lastActive=2026-09-18T05:58:27.507Z
2026-09-21 05:59:23.230: [INFO] LastUsedProfileDir: D:\JavaCodes\.metadata\.plugins\org.eclipse.swt\EBWebView\Default
2026-09-21 05:59:23.230: [INFO] MostRecentlyActiveProfile: name=Profile 1 path=D:\JavaCodes\.metadata\.plugins\org.eclipse.swt\EBWebView\Default lastActive=2026-09-18T05:58:27.507Z
2026-09-21 05:59:23.230: [INFO] OnDoneLoading sync enabled: 0
2026-09-21 05:59:23.230: [INFO] BookmarkModelLoaded, ids_reassigned: 0
2026-09-21 05:59:23.230: [INFO] BookmarksLoadDropped droppedNodes=0
2026-09-21 05:59:23.230: [INFO] BookmarksSnapshot Startup total=0 bar=0 other=0 mobile=0 showBar=0 showBarNTP=1
2026-09-21 07:49:40.463: [INFO] BookmarksSnapshot Shutdown total=0 bar=0 other=0 mobile=0 showBar=0 showBarNTP=1
2026-09-21 11:22:25.128: [INFO] CurrentProfilePath: D:\JavaCodes\.metadata\.plugins\org.eclipse.swt\EBWebView\Default
2026-09-21 11:22:25.128: [INFO] Profiles total count: 1
2026-09-21 11:22:25.128: [INFO] Profile: name=Profile 1 path=D:\JavaCodes\.metadata\.plugins\org.eclipse.swt\EBWebView\Default lastActive=2026-09-21T06:32:17.407Z
2026-09-21 11:22:25.128: [INFO] LastUsedProfileDir: D:\JavaCodes\.metadata\.plugins\org.eclipse.swt\EBWebView\Default
2026-09-21 11:22:25.128: [INFO] MostRecentlyActiveProfile: name=Profile 1 path=D:\JavaCodes\.metadata\.plugins\org.eclipse.swt\EBWebView\Default lastActive=2026-09-21T06:32:17.407Z
2026-09-21 11:22:25.128: [INFO] OnDoneLoading sync enabled: 0
2026-09-21 11:22:25.128: [INFO] BookmarkModelLoaded, ids_reassigned: 0
2026-09-21 11:22:25.128: [INFO] BookmarksLoadDropped droppedNodes=0
2026-09-21 11:22:25.128: [INFO] BookmarksSnapshot Startup total=0 bar=0 other=0 mobile=0 showBar=0 showBarNTP=1
2026-09-22 06:44:35.698: [INFO] CurrentProfilePath: D:\JavaCodes\.metadata\.plugins\org.eclipse.swt\EBWebView\Default
2026-09-22 06:44:35.698: [INFO] Profiles total count: 1
2026-09-22 06:44:35.698: [INFO] Profile: name=Profile 1 path=D:\JavaCodes\.metadata\.plugins\org.eclipse.swt\EBWebView\Default lastActive=2026-09-21T06:32:17.407Z
2026-09-22 06:44:35.698: [INFO] LastUsedProfileDir: D:\JavaCodes\.metadata\.plugins\org.eclipse.swt\EBWebView\Default
2026-09-22 06:44:35.698: [INFO] MostRecentlyActiveProfile: name=Profile 1 path=D:\JavaCodes\.metadata\.plugins\org.eclipse.swt\EBWebView\Default lastActive=2026-09-21T06:32:17.407Z
2026-09-22 06:44:35.698: [INFO] OnDoneLoading sync enabled: 0
2026-09-22 06:44:35.698: [INFO] BookmarkModelLoaded, ids_reassigned: 0
2026-09-22 06:44:35.698: [INFO] BookmarksLoadDropped droppedNodes=0
2026-09-22 06:44:35.698: [INFO] BookmarksSnapshot Startup total=0 bar=0 other=0 mobile=0 showBar=0 showBarNTP=1
2026-09-22 06:44:36.682: [INFO] BookmarksSnapshot Shutdown total=0 bar=0 other=0 mobile=0 showBar=0 showBarNTP=1
2026-09-22 06:44:40.243: [INFO] CurrentProfilePath: D:\JavaCodes\.metadata\.plugins\org.eclipse.swt\EBWebView\Default
2026-09-22 06:44:40.243: [INFO] Profiles total count: 1
2026-09-22 06:44:40.243: [INFO] Profile: name=Profile 1 path=D:\JavaCodes\.metadata\.plugins\org.eclipse.swt\EBWebView\Default lastActive=2026-09-21T06:32:17.407Z
2026-09-22 06:44:40.243: [INFO] LastUsedProfileDir: D:\JavaCodes\.metadata\.plugins\org.eclipse.swt\EBWebView\Default
2026-09-22 06:44:40.243: [INFO] MostRecentlyActiveProfile: name=Profile 1 path=D:\JavaCodes\.metadata\.plugins\org.eclipse.swt\EBWebView\Default lastActive=2026-09-21T06:32:17.407Z
2026-09-22 06:44:40.243: [INFO] OnDoneLoading sync enabled: 0
2026-09-22 06:44:40.243: [INFO] BookmarkModelLoaded, ids_reassigned: 0
2026-09-22 06:44:40.243: [INFO] BookmarksLoadDropped droppedNodes=0
2026-09-22 06:44:40.243: [INFO] BookmarksSnapshot Startup total=0 bar=0 other=0 mobile=0 showBar=0 showBarNTP=1
2026-09-22 06:45:27.894: [INFO] BookmarksSnapshot Shutdown total=0 bar=0 other=0 mobile=0 showBar=0 showBarNTP=1
2026-09-22 06:45:41.815: [INFO] CurrentProfilePath: D:\JavaCodes\.metadata\.plugins\org.eclipse.swt\EBWebView\Default
2026-09-22 06:45:41.815: [INFO] Profiles total count: 1
2026-09-22 06:45:41.815: [INFO] Profile: name=Profile 1 path=D:\JavaCodes\.metadata\.plugins\org.eclipse.swt\EBWebView\Default lastActive=2026-09-21T06:32:17.407Z
2026-09-22 06:45:41.815: [INFO] LastUsedProfileDir: D:\JavaCodes\.metadata\.plugins\org.eclipse.swt\EBWebView\Default
2026-09-22 06:45:41.815: [INFO] MostRecentlyActiveProfile: name=Profile 1 path=D:\JavaCodes\.metadata\.plugins\org.eclipse.swt\EBWebView\Default lastActive=2026-09-21T06:32:17.407Z
2026-09-22 06:45:41.815: [INFO] OnDoneLoading sync enabled: 0
2026-09-22 06:45:41.815: [INFO] BookmarkModelLoaded, ids_reassigned: 0
2026-09-22 06:45:41.815: [INFO] BookmarksLoadDropped droppedNodes=0
2026-09-22 06:45:41.815: [INFO] BookmarksSnapshot Startup total=0 bar=0 other=0 mobile=0 showBar=0 showBarNTP=1
2026-09-22 06:46:28.192: [INFO] BookmarksSnapshot Shutdown total=0 bar=0 other=0 mobile=0 showBar=0 showBarNTP=1
2026-09-22 06:46:31.085: [INFO] CurrentProfilePath: D:\JavaCodes\.metadata\.plugins\org.eclipse.swt\EBWebView\Default
2026-09-22 06:46:31.086: [INFO] Profiles total count: 1
2026-09-22 06:46:31.086: [INFO] Profile: name=Profile 1 path=D:\JavaCodes\.metadata\.plugins\org.eclipse.swt\EBWebView\Default lastActive=2026-09-21T06:32:17.407Z
2026-09-22 06:46:31.086: [INFO] LastUsedProfileDir: D:\JavaCodes\.metadata\.plugins\org.eclipse.swt\EBWebView\Default
2026-09-22 06:46:31.086: [INFO] MostRecentlyActiveProfile: name=Profile 1 path=D:\JavaCodes\.metadata\.plugins\org.eclipse.swt\EBWebView\Default lastActive=2026-09-21T06:32:17.407Z
2026-09-22 06:46:31.086: [INFO] OnDoneLoading sync enabled: 0
2026-09-22 06:46:31.086: [INFO] BookmarkModelLoaded, ids_reassigned: 0
2026-09-22 06:46:31.086: [INFO] BookmarksLoadDropped droppedNodes=0
2026-09-22 06:46:31.086: [INFO] BookmarksSnapshot Startup total=0 bar=0 other=0 mobile=0 showBar=0 showBarNTP=1
2026-09-22 06:48:15.364: [INFO] BookmarksSnapshot Shutdown total=0 bar=0 other=0 mobile=0 showBar=0 showBarNTP=1
2026-09-22 06:52:41.481: [INFO] CurrentProfilePath: D:\JavaCodes\.metadata\.plugins\org.eclipse.swt\EBWebView\Default
2026-09-22 06:52:41.481: [INFO] Profiles total count: 1
2026-09-22 06:52:41.481: [INFO] Profile: name=Profile 1 path=D:\JavaCodes\.metadata\.plugins\org.eclipse.swt\EBWebView\Default lastActive=2026-09-21T06:32:17.407Z
2026-09-22 06:52:41.481: [INFO] LastUsedProfileDir: D:\JavaCodes\.metadata\.plugins\org.eclipse.swt\EBWebView\Default
2026-09-22 06:52:41.481: [INFO] MostRecentlyActiveProfile: name=Profile 1 path=D:\JavaCodes\.metadata\.plugins\org.eclipse.swt\EBWebView\Default lastActive=2026-09-21T06:32:17.407Z
2026-09-22 06:52:41.481: [INFO] OnDoneLoading sync enabled: 0
2026-09-22 06:52:41.481: [INFO] BookmarkModelLoaded, ids_reassigned: 0
2026-09-22 06:52:41.481: [INFO] BookmarksLoadDropped droppedNodes=0
2026-09-22 06:52:41.481: [INFO] BookmarksSnapshot Startup total=0 bar=0 other=0 mobile=0 showBar=0 showBarNTP=1
2026-09-25 12:47:39.676: [INFO] CurrentProfilePath: D:\JavaCodes\.metadata\.plugins\org.eclipse.swt\EBWebView\Default
2026-09-25 12:47:39.676: [INFO] Profiles total count: 1
2026-09-25 12:47:39.676: [INFO] Profile: name=Profile 1 path=D:\JavaCodes\.metadata\.plugins\org.eclipse.swt\EBWebView\Default lastActive=2026-09-21T06:32:17.407Z
2026-09-25 12:47:39.676: [INFO] LastUsedProfileDir: D:\JavaCodes\.metadata\.plugins\org.eclipse.swt\EBWebView\Default
2026-09-25 12:47:39.676: [INFO] MostRecentlyActiveProfile: name=Profile 1 path=D:\JavaCodes\.metadata\.plugins\org.eclipse.swt\EBWebView\Default lastActive=2026-09-21T06:32:17.407Z
2026-09-25 12:47:39.676: [INFO] OnDoneLoading sync enabled: 0
2026-09-25 12:47:39.676: [INFO] BookmarkModelLoaded, ids_reassigned: 0
2026-09-25 12:47:39.676: [INFO] BookmarksLoadDropped droppedNodes=0
2026-09-25 12:47:39.677: [INFO] BookmarksSnapshot Startup total=0 bar=0 other=0 mobile=0 showBar=0 showBarNTP=1
2026-09-25 19:50:17.942: [INFO] BookmarksSnapshot Shutdown total=0 bar=0 other=0 mobile=0 showBar=0 showBarNTP=1
