2026-09-11 07:07:45.541: [INFO] CurrentProfilePath: D:\JavaCodes\Interface\.metadata\.plugins\org.eclipse.swt\EBWebView\Default
2026-09-11 07:07:45.541: [INFO] Profiles total count: 1
2026-09-11 07:07:45.541: [INFO] Profile: name=Profile 1 path=D:\JavaCodes\Interface\.metadata\.plugins\org.eclipse.swt\EBWebView\Default lastActive=null
2026-09-11 07:07:45.541: [INFO] LastUsedProfileDir: D:\JavaCodes\Interface\.metadata\.plugins\org.eclipse.swt\EBWebView\Default
2026-09-11 07:07:45.541: [INFO] OnDoneLoading sync enabled: 0
2026-09-11 07:07:45.541: [INFO] BookmarkModelLoaded, ids_reassigned: 0
2026-09-11 07:07:45.541: [INFO] BookmarksLoadDropped droppedNodes=0
2026-09-11 07:07:45.541: [INFO] BookmarksSnapshot Startup total=0 bar=0 other=0 mobile=0 showBar=0 showBarNTP=1
2026-09-11 07:16:12.258: [INFO] BookmarksSnapshot Shutdown total=0 bar=0 other=0 mobile=0 showBar=0 showBarNTP=1
2026-09-11 07:16:25.337: [INFO] CurrentProfilePath: D:\JavaCodes\Interface\.metadata\.plugins\org.eclipse.swt\EBWebView\Default
2026-09-11 07:16:25.337: [INFO] Profiles total count: 1
2026-09-11 07:16:25.338: [INFO] Profile: name=Profile 1 path=D:\JavaCodes\Interface\.metadata\.plugins\org.eclipse.swt\EBWebView\Default lastActive=2026-09-11T07:16:03.993Z
2026-09-11 07:16:25.338: [INFO] LastUsedProfileDir: D:\JavaCodes\Interface\.metadata\.plugins\org.eclipse.swt\EBWebView\Default
2026-09-11 07:16:25.338: [INFO] MostRecentlyActiveProfile: name=Profile 1 path=D:\JavaCodes\Interface\.metadata\.plugins\org.eclipse.swt\EBWebView\Default lastActive=2026-09-11T07:16:03.993Z
2026-09-11 07:16:25.338: [INFO] OnDoneLoading sync enabled: 0
2026-09-11 07:16:25.338: [INFO] BookmarkModelLoaded, ids_reassigned: 0
2026-09-11 07:16:25.338: [INFO] BookmarksLoadDropped droppedNodes=0
2026-09-11 07:16:25.338: [INFO] BookmarksSnapshot Startup total=0 bar=0 other=0 mobile=0 showBar=0 showBarNTP=1
2026-09-11 07:16:33.187: [INFO] BookmarksSnapshot Shutdown total=0 bar=0 other=0 mobile=0 showBar=0 showBarNTP=1
2026-09-11 07:18:38.842: [INFO] CurrentProfilePath: D:\JavaCodes\Interface\.metadata\.plugins\org.eclipse.swt\EBWebView\Default
2026-09-11 07:18:38.842: [INFO] Profiles total count: 1
2026-09-11 07:18:38.842: [INFO] Profile: name=Profile 1 path=D:\JavaCodes\Interface\.metadata\.plugins\org.eclipse.swt\EBWebView\Default lastActive=2026-09-11T07:16:25.794Z
2026-09-11 07:18:38.842: [INFO] LastUsedProfileDir: D:\JavaCodes\Interface\.metadata\.plugins\org.eclipse.swt\EBWebView\Default
2026-09-11 07:18:38.842: [INFO] MostRecentlyActiveProfile: name=Profile 1 path=D:\JavaCodes\Interface\.metadata\.plugins\org.eclipse.swt\EBWebView\Default lastActive=2026-09-11T07:16:25.794Z
2026-09-11 07:18:38.842: [INFO] OnDoneLoading sync enabled: 0
2026-09-11 07:18:38.842: [INFO] BookmarkModelLoaded, ids_reassigned: 0
2026-09-11 07:18:38.842: [INFO] BookmarksLoadDropped droppedNodes=0
2026-09-11 07:18:38.842: [INFO] BookmarksSnapshot Startup total=0 bar=0 other=0 mobile=0 showBar=0 showBarNTP=1
2026-09-11 11:26:13.844: [INFO] BookmarksSnapshot Shutdown total=0 bar=0 other=0 mobile=0 showBar=0 showBarNTP=1
2026-09-25 19:53:09.443: [INFO] CurrentProfilePath: D:\JavaCodes\Interface\.metadata\.plugins\org.eclipse.swt\EBWebView\Default
2026-09-25 19:53:09.443: [INFO] Profiles total count: 1
2026-09-25 19:53:09.443: [INFO] Profile: name=Profile 1 path=D:\JavaCodes\Interface\.metadata\.plugins\org.eclipse.swt\EBWebView\Default lastActive=2026-09-11T07:20:19.236Z
2026-09-25 19:53:09.443: [INFO] LastUsedProfileDir: D:\JavaCodes\Interface\.metadata\.plugins\org.eclipse.swt\EBWebView\Default
2026-09-25 19:53:09.443: [INFO] MostRecentlyActiveProfile: name=Profile 1 path=D:\JavaCodes\Interface\.metadata\.plugins\org.eclipse.swt\EBWebView\Default lastActive=2026-09-11T07:20:19.236Z
2026-09-25 19:53:09.443: [INFO] OnDoneLoading sync enabled: 0
2026-09-25 19:53:09.443: [INFO] BookmarkModelLoaded, ids_reassigned: 0
2026-09-25 19:53:09.443: [INFO] BookmarksLoadDropped droppedNodes=0
2026-09-25 19:53:09.443: [INFO] BookmarksSnapshot Startup total=0 bar=0 other=0 mobile=0 showBar=0 showBarNTP=1
2026-09-25 20:17:01.033: [INFO] BookmarksSnapshot Shutdown total=0 bar=0 other=0 mobile=0 showBar=0 showBarNTP=1
2026-09-26 07:15:11.316: [INFO] CurrentProfilePath: D:\JavaCodes\Interface\.metadata\.plugins\org.eclipse.swt\EBWebView\Default
2026-09-26 07:15:11.316: [INFO] Profiles total count: 1
2026-09-26 07:15:11.316: [INFO] Profile: name=Profile 1 path=D:\JavaCodes\Interface\.metadata\.plugins\org.eclipse.swt\EBWebView\Default lastActive=2026-09-11T07:20:19.236Z
2026-09-26 07:15:11.316: [INFO] LastUsedProfileDir: D:\JavaCodes\Interface\.metadata\.plugins\org.eclipse.swt\EBWebView\Default
2026-09-26 07:15:11.316: [INFO] MostRecentlyActiveProfile: name=Profile 1 path=D:\JavaCodes\Interface\.metadata\.plugins\org.eclipse.swt\EBWebView\Default lastActive=2026-09-11T07:20:19.236Z
2026-09-26 07:15:11.316: [INFO] OnDoneLoading sync enabled: 0
2026-09-26 07:15:11.316: [INFO] BookmarkModelLoaded, ids_reassigned: 0
2026-09-26 07:15:11.316: [INFO] BookmarksLoadDropped droppedNodes=0
2026-09-26 07:15:11.316: [INFO] BookmarksSnapshot Startup total=0 bar=0 other=0 mobile=0 showBar=0 showBarNTP=1
2026-09-26 07:15:53.202: [INFO] BookmarksSnapshot Shutdown total=0 bar=0 other=0 mobile=0 showBar=0 showBarNTP=1
